root@admuser:/opt/ceshtje-ligjore#
root@admuser:/opt/ceshtje-ligjore#
root@admuser:/opt/ceshtje-ligjore#
root@admuser:/opt/ceshtje-ligjore# cd /tmp
root@admuser:/tmp# curl -o deploy_complete.sh https://replit.com/deploy_complete.sh
  % Total    % Received % Xferd  Average Speed   Time    Time     Time  Current
                                 Dload  Upload   Total   Spent    Left  Speed
100  442k    0  442k    0     0   631k      0 --:--:-- --:--:-- --:--:--  632k
root@admuser:/tmp# chmod +x deploy_complete.sh
root@admuser:/tmp# ./deploy_complete.sh
./deploy_complete.sh: line 1: syntax error near unexpected token `<'
./deploy_complete.sh: line 1: `<!DOCTYPE html><html lang="en" class="replit-ui-theme-root notranslate" translate="no" style="-webkit-app-region:drag"><head><title data-next-head="">Replit - 404 - Replit</title><link rel="shortcut icon" href="/public/icons/favicon-prompt-192.png" sizes="192x192" type="image/png" data-next-head=""/><meta property="og:title" content="Replit - 404" data-next-head=""/><meta property="og:description" content="Build and deploy software collaboratively with the power of AI without spending a second on setup." data-next-head=""/><meta property="og:type" content="article" data-next-head=""/><meta property="og:image" content="https://replit.com/public/images/opengraph.png" data-next-head=""/><meta property="og:site_name" content="replit" data-next-head=""/><meta property="fb:app_id" content="1775481339348651" data-next-head=""/><meta itemProp="name" content="replit" data-next-head=""/><meta itemProp="description" content="Build and deploy software collaboratively with the power of AI without spending a second on setup." data-next-head=""/><meta itemProp="image" content="https://replit.com/public/images/opengraph.png" data-next-head=""/><meta name="description" content="Build and deploy software collaboratively with the power of AI without spending a second on setup." data-next-head=""/><meta name="keywords" content="replit,ai,software,build,collaborate,IDE,platform,code,deploy,prototype,online,agent" data-next-head=""/><meta name="author" property="og:author" content="replit" data-next-head=""/><meta name="twitter:card" content="summary" data-next-head=""/><meta name="twitter:site" content="@replit" data-next-head=""/><meta name="twitter:title" content="Replit - 404" data-next-head=""/><meta name="twitter:description" content="Build and deploy software collaboratively with the power of AI without spending a second on setup." data-next-head=""/><meta name="twitter:image" content="https://replit.com/public/images/opengraph.png" data-next-head=""/><meta name="twitter:domain" content="replit.com" data-next-head=""/><meta name="google" content="notranslate" data-next-head=""/><meta name="viewport" content="width=device-width, initial-scale=1" data-next-head=""/><style data-next-head="">'
root@admuser:/tmp# sudo ./deploy_complete.sh
./deploy_complete.sh: 1: Syntax error: redirection unexpected
root@admuser:/tmp#
